// Jest Snapshot v1, https://goo.gl/fbAQLP

exports[`Evaluation should render correctly 1`] = `
<div
  className="evaluation-form"
>
  <form
    id="submitForm"
    onSubmit={[Function]}
  >
    <div
      className="evaluation-container"
    >
      <input
        className="band-insert-field"
        id="bandName"
        name="bandName"
        onChange={[Function]}
        type="text"
        value=""
      />
      <div
        className="voting-area"
      >
        <div
          className="radio-button"
        >
          <input
            id="Good"
            name="rating"
            onChange={[Function]}
            type="radio"
            value="Good"
          />
          <label
            className="radio-button-label"
          >
            Good
          </label>
        </div>
        <div
          className="radio-button"
        >
          <input
            id="Medium"
            name="rating"
            onChange={[Function]}
            type="radio"
            value="Medium"
          />
          <label
            className="radio-button-label"
          >
            Medium
          </label>
        </div>
        <div
          className="radio-button"
        >
          <input
            id="Bad"
            name="rating"
            onChange={[Function]}
            type="radio"
            value="Bad"
          />
          <label
            className="radio-button-label"
          >
            Bad
          </label>
        </div>
        <div
          className="radio-button"
        >
          <input
            id="Special"
            name="rating"
            onChange={[Function]}
            type="radio"
            value="Special"
          />
          <label
            className="radio-button-label"
          >
            Special
          </label>
        </div>
        <div
          className="radio-button"
        >
          <input
            id="MetalBattle"
            name="rating"
            onChange={[Function]}
            type="radio"
            value="MetalBattle"
          />
          <label
            className="radio-button-label"
          >
            Metal Battle
          </label>
        </div>
      </div>
      <input
        id="comment"
        name="comment"
        onChange={[Function]}
        type="text"
        value=""
      />
      <input
        className="submit"
        id="Evaluate"
        type="submit"
        value="Evaluate"
      />
    </div>
  </form>
</div>
`;
